
> ambuclear@0.1.0 build
> next build

  Γû▓ Next.js 14.2.33
  - Environments: .env.local

   Creating an optimized production build ...
node.exe : [baseline-browser-mapping] The data in this module is over two 
months old.  To ensure accurate Baseline data, please update: `npm i 
baseline-browser-mapping@latest -D`
At line:1 char:1
+ & "C:\Program Files\nodejs/node.exe" "C:\Program Files\nodejs/node_mo ...
+ ~~~~~~~~~~~~~~~~~~~~~~~~~~~~~~~~~~~~~~~~~~~~~~~~~~~~~~~~~~~~~~~~~~~~~
    + CategoryInfo          : NotSpecified: ([baseline-brows...ping@latest -D` 
   :String) [], RemoteException
    + FullyQualifiedErrorId : NativeCommandError
 
 Γ£ô Compiled successfully
   Linting and checking validity of types ...
   Collecting page data ...
   Generating static pages (0/26) ...
   Generating static pages (6/26) 
   Generating static pages (12/26) 
   Generating static pages (19/26) 
 Γ£ô Generating static pages (26/26)
   Finalizing page optimization ...
   Collecting build traces ...

Route (app)                              Size     First Load JS
Γöî Γùï /                                    15.5 kB         103 kB
Γö£ Γùï /_not-found                          873 B          88.2 kB
Γö£ Γùï /ambulance                           11.4 kB         200 kB
Γö£ Γùï /ambulance/dashboard                 8.46 kB         211 kB
Γö£ ╞Æ /api/ai/control-room                 0 B                0 B
Γö£ ╞Æ /api/ai/route-assist                 0 B                0 B
Γö£ ╞Æ /api/ai/voice-route                  0 B                0 B
Γö£ ╞Æ /api/alert/check                     0 B                0 B
Γö£ ╞Æ /api/ambulance/[id]                  0 B                0 B
Γö£ ╞Æ /api/ambulance/[id]/location         0 B                0 B
Γö£ ╞Æ /api/ambulance/[id]/status           0 B                0 B
Γö£ ╞Æ /api/ambulance/all                   0 B                0 B
Γö£ ╞Æ /api/ambulance/auth-profile          0 B                0 B
Γö£ ╞Æ /api/ambulance/nearby                0 B                0 B
Γö£ ╞Æ /api/ambulance/register              0 B                0 B
Γö£ ╞Æ /api/google-maps/ai-instructions     0 B                0 B
Γö£ ╞Æ /api/google-maps/eta                 0 B                0 B
Γö£ ╞Æ /api/google-maps/nearest-hospital    0 B                0 B
Γö£ ╞Æ /api/google-maps/route               0 B                0 B
Γö£ ╞Æ /api/google-maps/snap-to-roads       0 B                0 B
Γö£ ╞Æ /api/google-maps/traffic             0 B                0 B
Γö£ ╞Æ /api/hospitals                       0 B                0 B
Γö£ ╞Æ /api/hospitals/search                0 B                0 B
Γö£ ╞Æ /api/places/search                   0 B                0 B
Γö£ ╞Æ /api/public/location                 0 B                0 B
Γö£ ╞Æ /api/public/sos                      0 B                0 B
Γö£ ╞Æ /api/sos                             0 B                0 B
Γö£ ╞Æ /api/sos/[id]                        0 B                0 B
Γö£ Γùï /control                             5.53 kB         114 kB
Γöö Γùï /public                              4.91 kB         109 kB
+ First Load JS shared by all            87.3 kB
  Γö£ chunks/117-a52872102c5fea9d.js       31.7 kB
  Γö£ chunks/fd9d1056-88c8a1669018f964.js  53.6 kB
  Γöö other shared chunks (total)          1.96 kB


Γùï  (Static)   prerendered as static content
╞Æ  (Dynamic)  server-rendered on demand

